[byjusexamprep.com/types-of-forest-in-india-i.html]
[backblue.gif]
[fade.gif]
[index.html]
[byjusexamprep.com/types-of-forest-in-india-i_amp.html]
[gs-post-images.grdp.co/2022/10/types-of-forest-in-india-img1666253079399-54-rs.jpg]
[byjusexamprep.com/android-app_/co.gradeup.android/https/grdp.co/pl9gwfep2]
[gs-post-images.grdp.co/2021/8/group-copy-2x-img1630316004822-54.png-rs-high-webp.png]
[byjusexamprep.com/manifest.json]
[gradeup-assets.grdp.co/website_22/_next/static/fLgVPXKrLWb4nm07jJEgd/_buildManifest.js]
[gradeup-assets.grdp.co/website_22/_next/static/fLgVPXKrLWb4nm07jJEgd/_ssgManifest.js]
[byjusexamprep.com/free-video-lectures.html]
[byjusexamprep.com/index.html]
[byjusexamprep.com/practice.html]
[byjusexamprep.com/practice/quiz.html]
[byjusexamprep.com/practice/previous-year-papers.html]
[byjusexamprep.com/bank-exams.html]
[byjusexamprep.com/bank-exams/sbi-po-exam.html]
[byjusexamprep.com/bank-exams/sbi-po-exam-vacancy.html]
[byjusexamprep.com/bank-exams/sbi-po-exam-apply-online.html]
[byjusexamprep.com/bank-exams/sbi-po-exam-eligibility-criteria.html]
[byjusexamprep.com/bank-exams/sbi-po-exam-admit-card.html]
[byjusexamprep.com/bank-exams/sbi-po-exam-salary.html]
[byjusexamprep.com/bank-exams/sbi-po-exam-syllabus.html]
[byjusexamprep.com/bank-exams/sbi-po-exam-pattern.html]
[byjusexamprep.com/bank-exams/sbi-po-exam-question-papers.html]
[byjusexamprep.com/bank-exams/sbi-po-exam-cut-off.html]
[byjusexamprep.com/bank-exams/sbi-po-exam-result.html]
[byjusexamprep.com/online-test-series-sbi-po.html]
[byjusexamprep.com/bank-exams/ibps-po-exam.html]
[byjusexamprep.com/bank-exams/ibps-po-exam-salary.html]
[byjusexamprep.com/bank-exams/ibps-po-exam-syllabus.html]
[byjusexamprep.com/bank-exams/ibps-po-exam-result.html]
[byjusexamprep.com/bank-exams/ibps-po-exam-eligibility-criteria.html]
[byjusexamprep.com/bank-exams/ibps-po-exam-apply-online.html]
[byjusexamprep.com/bank-exams/ibps-po-exam-cut-off.html]
[byjusexamprep.com/bank-exams/ibps-po-exam-question-papers.html]
[byjusexamprep.com/online-test-series-ibps-po.html]
[byjusexamprep.com/bank-exams/ibps-po-exam-score-card.html]
[byjusexamprep.com/bank-exams/ibps-po-exam-analysis.html]
[byjusexamprep.com/bank-exams/sbi-clerk-exam.html]
[byjusexamprep.com/bank-exams/sbi-clerk-exam-vacancy.html]
[byjusexamprep.com/bank-exams/sbi-clerk-exam-result.html]
[byjusexamprep.com/bank-exams/sbi-clerk-exam-salary.html]
[byjusexamprep.com/bank-exams/sbi-clerk-exam-syllabus.html]
[byjusexamprep.com/bank-exams/sbi-clerk-exam-apply-online.html]
[byjusexamprep.com/bank-exams/sbi-clerk-exam-question-papers.html]
[byjusexamprep.com/bank-exams/sbi-clerk-exam-admit-card.html]
[byjusexamprep.com/online-test-series-sbi-clerk.html]
[byjusexamprep.com/bank-exams/sbi-clerk-exam-cut-off.html]
[byjusexamprep.com/bank-exams/sbi-clerk-exam-pattern.html]
[byjusexamprep.com/bank-exams/sbi-clerk-exam-eligibility-criteria.html]
[byjusexamprep.com/bank-exams/ibps-clerk-exam.html]
[byjusexamprep.com/bank-exams/ibps-clerk-exam-result.html]
[byjusexamprep.com/bank-exams/ibps-clerk-exam-salary.html]
[byjusexamprep.com/bank-exams/ibps-clerk-exam-syllabus.html]
[byjusexamprep.com/bank-exams/ibps-clerk-exam-application-form.html]
[byjusexamprep.com/bank-exams/ibps-clerk-exam-cut-off.html]
[byjusexamprep.com/bank-exams/ibps-clerk-exam-analysis.html]
[byjusexamprep.com/bank-exams/ibps-clerk-exam-admit-card.html]
[byjusexamprep.com/bank-exams/ibps-clerk-exam-question-papers.html]
[byjusexamprep.com/bank-exams/ibps-clerk-exam-pattern.html]
[byjusexamprep.com/bank-exams/ibps-clerk-exam-eligibility-criteria.html]
[byjusexamprep.com/online-test-series-ibps-clerk.html]
[byjusexamprep.com/bank-exams/ibps-so-exam.html]
[byjusexamprep.com/bank-exams/ibps-so-exam-salary.html]
[byjusexamprep.com/bank-exams/ibps-so-exam-syllabus.html]
[byjusexamprep.com/bank-exams/ibps-so-exam-eligibility-criteria.html]
[byjusexamprep.com/bank-exams/ibps-so-exam-result.html]
[byjusexamprep.com/bank-exams/ibps-so-exam-pattern.html]
[byjusexamprep.com/bank-exams/ibps-so-exam-question-papers.html]
[byjusexamprep.com/bank-exams/ibps-so-exam-apply-online.html]
[byjusexamprep.com/bank-exams/ibps-so-exam-cut-off.html]
[byjusexamprep.com/bank-exams/ibps-rrb-exam.html]
[byjusexamprep.com/bank-exams/ibps-rrb-exam-admit-card.html]
[byjusexamprep.com/bank-exams/ibps-rrb-exam-syllabus.html]
[byjusexamprep.com/bank-exams/ibps-rrb-exam-application-form.html]
[byjusexamprep.com/bank-exams/ibps-rrb-exam-result.html]
[byjusexamprep.com/bank-exams/ibps-rrb-exam-cut-off.html]
[byjusexamprep.com/bank-exams/ibps-rrb-exam-salary.html]
[byjusexamprep.com/bank-exams/ibps-rrb-exam-question-papers.html]
[byjusexamprep.com/bank-exams/ibps-rrb-exam-pattern.html]
[byjusexamprep.com/bank-exams/rbi-assistant-exam.html]
[byjusexamprep.com/bank-exams/rbi-assistant-exam-salary.html]
[byjusexamprep.com/bank-exams/rbi-assistant-exam-syllabus.html]
[byjusexamprep.com/bank-exams/rbi-assistant-exam-pattern.html]
[byjusexamprep.com/bank-exams/rbi-assistant-exam-eligibility-criteria.html]
[byjusexamprep.com/bank-exams/rbi-assistant-exam-cut-off.html]
[byjusexamprep.com/bank-exams/rbi-assistant-exam-question-papers.html]
[byjusexamprep.com/bank-exams/rbi-assistant-exam-apply-online.html]
[byjusexamprep.com/bank-exams/rbi-assistant-exam-vacancy.html]
[byjusexamprep.com/ssc-exams.html]
[byjusexamprep.com/ssc-exams/ssc-cgl-exam.html]
[byjusexamprep.com/ssc-exams/ssc-cgl-exam-apply-online.html]
[byjusexamprep.com/ssc-exams/ssc-cgl-exam-admit-card.html]
[byjusexamprep.com/ssc-exams/ssc-cgl-exam-cut-off.html]
[byjusexamprep.com/ssc-exams/ssc-cgl-exam-result.html]
[byjusexamprep.com/ssc-exams/ssc-cgl-exam-question-papers.html]
[byjusexamprep.com/ssc-exams/ssc-cgl-exam-books.html]
[byjusexamprep.com/ssc-exams/ssc-cgl-exam-preparation-tips.html]
[byjusexamprep.com/ssc-exams/ssc-cgl-exam-answer-key.html]
[byjusexamprep.com/ssc-exams/ssc-mts-exam.html]
[byjusexamprep.com/ssc-exams/ssc-cgl-exam-eligibility-criteria.html]
[byjusexamprep.com/ssc-exams/ssc-mts-exam-syllabus.html]
[byjusexamprep.com/ssc-exams/ssc-mts-exam-eligibility-criteria.html]
[byjusexamprep.com/ssc-exams/ssc-mts-exam-admit-card.html]
[byjusexamprep.com/ssc-exams/ssc-mts-exam-cut-off.html]
[byjusexamprep.com/ssc-exams/ssc-mts-exam-apply-online.html]
[byjusexamprep.com/ssc-exams/ssc-mts-exam-result.html]
[byjusexamprep.com/ssc-exams/ssc-mts-exam-question-papers.html]
[byjusexamprep.com/ssc-exams/ssc-mts-exam-books.html]
[byjusexamprep.com/ssc-mts-exam-preparation-tips-i.html]
[byjusexamprep.com/ssc-exams/ssc-mts-exam-answer-key.html]
[byjusexamprep.com/ssc-exams/ssc-chsl-exam-syllabus.html]
[byjusexamprep.com/ssc-exams/ssc-chsl-exam.html]
[byjusexamprep.com/ssc-exams/ssc-chsl-exam-application-form.html]
[byjusexamprep.com/ssc-exams/ssc-chsl-exam-eligibility-criteria.html]
[byjusexamprep.com/ssc-exams/ssc-chsl-exam-admit-card.html]
[byjusexamprep.com/ssc-exams/ssc-chsl-exam-result.html]
[byjusexamprep.com/ssc-exams/ssc-chsl-exam-cut-off.html]
[byjusexamprep.com/ssc-exams/ssc-chsl-exam-question-papers.html]
[byjusexamprep.com/ssc-exams/ssc-chsl-exam-books.html]
[byjusexamprep.com/ssc-exams/ssc-chsl-exam-preparation-tips.html]
[byjusexamprep.com/ssc-exams/ssc-chsl-exam-answer-key.html]
[byjusexamprep.com/ssc-exams/rrb-group-d-exam.html]
[byjusexamprep.com/ssc-exams/rrb-group-d-exam-syllabus.html]
[byjusexamprep.com/ssc-exams/rrb-group-d-exam-eligibility.html]
[byjusexamprep.com/ssc-exams/rrb-group-d-exam-apply-online.html]
[byjusexamprep.com/ssc-exams/rrb-group-d-exam-cut-off.html]
[byjusexamprep.com/ssc-exams/rrb-group-d-exam-admit-card.html]
[byjusexamprep.com/ssc-exams/rrb-group-d-exam-marks.html]
[byjusexamprep.com/ssc-exams/rrb-group-d-exam-question-papers.html]
[byjusexamprep.com/ssc-exams/rrb-group-d-exam-books.html]
[byjusexamprep.com/ssc-exams/rrb-group-d-exam-answer-key.html]
[byjusexamprep.com/ssc-exams/rrb-ntpc-exam.html]
[byjusexamprep.com/ssc-exams/rrb-ntpc-exam-syllabus.html]
[byjusexamprep.com/ssc-exams/rrb-ntpc-exam-eligibility-criteria.html]
[byjusexamprep.com/ssc-exams/rrb-ntpc-exam-admit-card.html]
[byjusexamprep.com/ssc-exams/rrb-ntpc-exam-cutoff.html]
[byjusexamprep.com/ssc-exams/rrb-ntpc-exam-result.html]
[byjusexamprep.com/ssc-exams/rrb-ntpc-exam-question-papers.html]
[byjusexamprep.com/ssc-exams/rrb-ntpc-exam-books.html]
[byjusexamprep.com/ssc-exams/rrb-ntpc-exam-preparation-tips.html]
[byjusexamprep.com/ssc-exams/rrb-ntpc-exam-answer-key.html]
[byjusexamprep.com/tet-exams.html]
[byjusexamprep.com/tet-exams/ctet-exam.html]
[byjusexamprep.com/tet-exams/ctet-exam-syllabus.html]
[byjusexamprep.com/tet-exams/ctet-exam-eligibility-criteria.html]
[byjusexamprep.com/tet-exams/ctet-exam-admit-card.html]
[byjusexamprep.com/tet-exams/ctet-exam-certificate.html]
[byjusexamprep.com/tet-exams/ctet-exam-result.html]
[byjusexamprep.com/tet-exams/ctet-exam-question-papers.html]
[byjusexamprep.com/tet-exams/ctet-exam-books.html]
[byjusexamprep.com/tet-exams/ctet-exam-preparation-tips.html]
[byjusexamprep.com/tet-exams/ctet-exam-answer-key.html]
[byjusexamprep.com/tet-exams/reet-exam.html]
[byjusexamprep.com/tet-exams/reet-exam-syllabus.html]
[byjusexamprep.com/tet-exams/reet-exam-eligibility-criteria.html]
[byjusexamprep.com/tet-exams/reet-exam-admit-card.html]
[byjusexamprep.com/tet-exams/reet-exam-pattern.html]
[byjusexamprep.com/tet-exams/reet-exam-result.html]
[byjusexamprep.com/tet-exams/reet-exam-question-papers.html]
[byjusexamprep.com/tet-exams/reet-exam-books.html]
[byjusexamprep.com/tet-exams/reet-exam-preparation-tips.html]
[byjusexamprep.com/tet-exams/reet-exam-cutoff.html]
[byjusexamprep.com/tet-exams/uptet-exam.html]
[byjusexamprep.com/tet-exams/uptet-exam-syllabus.html]
[byjusexamprep.com/tet-exams/uptet-exam-eligibility.html]
[byjusexamprep.com/tet-exams/uptet-exam-admit-card.html]
[byjusexamprep.com/tet-exams/uptet-exam-cut-off.html]
[byjusexamprep.com/tet-exams/uptet-exam-result.html]
[byjusexamprep.com/tet-exams/uptet-exam-question-papers.html]
[byjusexamprep.com/tet-exams/uptet-exam-books.html]
[byjusexamprep.com/tet-exams/uptet-exam-answer-key.html]
[byjusexamprep.com/teaching-exams/dsssb-exam.html]
[byjusexamprep.com/teaching-exams/dsssb-exam-syllabus.html]
[byjusexamprep.com/teaching-exams/dsssb-exam-eligibility-criteria.html]
[byjusexamprep.com/teaching-exams/dsssb-exam-admit-card.html]
[byjusexamprep.com/teaching-exams/dsssb-exam-cutoff.html]
[byjusexamprep.com/teaching-exams/dsssb-exam-result.html]
[byjusexamprep.com/teaching-exams/dsssb-exam-question-papers.html]
[byjusexamprep.com/teaching-exams/dsssb-exam-books.html]
[byjusexamprep.com/teaching-exams/kvs-exam.html]
[byjusexamprep.com/teaching-exams/dsssb-exam-preparation-tips.html]
[byjusexamprep.com/teaching-exams/kvs-exam-syllabus.html]
[byjusexamprep.com/teaching-exams/kvs-exam-eligibility-criteria.html]
[byjusexamprep.com/teaching-exams/kvs-exam-admit-card.html]
[byjusexamprep.com/teaching-exams/kvs-exam-cut-off.html]
[byjusexamprep.com/teaching-exams/kvs-exam-result.html]
[byjusexamprep.com/teaching-exams/kvs-exam-question-papers.html]
[byjusexamprep.com/teaching-exams/super-tet-exam.html]
[byjusexamprep.com/teaching-exams/super-tet-exam-syllabus.html]
[byjusexamprep.com/teaching-exams/super-tet-exam-eligibility-criteria.html]
[byjusexamprep.com/teaching-exams/super-tet-exam-pattern.html]
[byjusexamprep.com/teaching-exams/super-tet-exam-cut-off.html]
[byjusexamprep.com/teaching-exams/super-tet-exam-result.html]
[byjusexamprep.com/teaching-exams/super-tet-exam-question-papers.html]
[byjusexamprep.com/teaching-exams/super-tet-exam-books.html]
[byjusexamprep.com/defence-exams.html]
[byjusexamprep.com/defence-exams/afcat-exam.html]
[byjusexamprep.com/defence-exams/afcat-exam-syllabus.html]
[byjusexamprep.com/defence-exams/afcat-exam-eligibility-criteria.html]
[byjusexamprep.com/defence-exams/afcat-exam-question-papers.html]
[byjusexamprep.com/defence-exams/afcat-exam-salary.html]
[byjusexamprep.com/defence-exams/afcat-exam-application-form.html]
[byjusexamprep.com/defence-exams/afcat-exam-cut-off.html]
[byjusexamprep.com/defence-exams/capf-exam.html]
[byjusexamprep.com/defence-exams/capf-exam-syllabus.html]
[byjusexamprep.com/defence-exams/capf-exam-eligibility-criteria.html]
[byjusexamprep.com/defence-exams/capf-exam-pattern.html]
[byjusexamprep.com/defence-exams/capf-exam-question-papers.html]
[byjusexamprep.com/defence-exams/capf-exam-salary.html]
[byjusexamprep.com/defence-exams/capf-exam-cut-off.html]
[byjusexamprep.com/defence-exams/cds-exam.html]
[byjusexamprep.com/defence-exams/cds-exam-syllabus.html]
[byjusexamprep.com/defence-exams/cds-exam-eligibility-criteria.html]
[byjusexamprep.com/defence-exams/cds-exam-pattern.html]
[byjusexamprep.com/defence-exams/cds-exam-question-paper.html]
[byjusexamprep.com/defence-exams/cds-exam-analysis.html]
[byjusexamprep.com/cds-2-answer-key-2022-i.html]
[byjusexamprep.com/defence-exams/cds-exam-cut-off.html]
[byjusexamprep.com/defence-exams/cds-exam-salary.html]
[byjusexamprep.com/defence-exams/cds-exam-apply-online.html]
[byjusexamprep.com/defence-exams/territorial-army-exam.html]
[byjusexamprep.com/defence-exams/territorial-army-exam-eligibility.html]
[byjusexamprep.com/defence-exams/territorial-army-exam-salary.html]
[byjusexamprep.com/defence-exams/territorial-army-exam-syllabus.html]
[byjusexamprep.com/defence-exams/territorial-army-exam-question-papers.html]
[byjusexamprep.com/defence-exams/territorial-army-exam-apply-online.html]
[byjusexamprep.com/defence-exams/territorial-army-exam-pattern.html]
[byjusexamprep.com/defence-exams/territorial-army-exam-cut-off.html]
[byjusexamprep.com/nda-na-exams/indian-air-force-x-y-group-exam.html]
[byjusexamprep.com/nda-na-exams/indian-air-force-x-y-group-exam-salary.html]
[byjusexamprep.com/nda-na-exams/indian-air-force-x-y-group-exam-syllabus.html]
[byjusexamprep.com/nda-na-exams/indian-air-force-x-y-group-exam-question-papers.html]
[byjusexamprep.com/nda-na-exams/indian-air-force-x-y-group-exam-cut-off.html]
[byjusexamprep.com/nda-na-exams/indian-coast-guard-exam.html]
[byjusexamprep.com/nda-na-exams/indian-coast-guard-exam-salary.html]
[byjusexamprep.com/nda-na-exams/indian-coast-guard-exam-syllabus.html]
[byjusexamprep.com/nda-na-exams/indian-coast-guard-exam-application-form.html]
[byjusexamprep.com/nda-na-exams/indian-coast-guard-exam-question-papers.html]
[byjusexamprep.com/nda-na-exams/indian-coast-guard-exam-cut-off.html]
[byjusexamprep.com/nda-na-exams/nda-exam.html]
[byjusexamprep.com/nda-na-exams/nda-exam-syllabus.html]
[byjusexamprep.com/nda-na-exams/nda-exam-question-papers.html]
[byjusexamprep.com/nda-na-exams/nda-exam-salary.html]
[byjusexamprep.com/nda-na-exams/nda-exam-analysis.html]
[byjusexamprep.com/nda-na-exams/nda-exam-answer-key.html]
[byjusexamprep.com/nda-na-exams/nda-exam-application-form.html]
[byjusexamprep.com/nda-na-exams/nda-exam-cut-off.html]
[byjusexamprep.com/upsc-exam-i.html]
[byjusexamprep.com/upsc-exam-date-i.html]
[byjusexamprep.com/ias-exam-i.html]
[byjusexamprep.com/ias-officer-salary-i.html]
[byjusexamprep.com/upsc-notification-i.html]
[byjusexamprep.com/upsc-eligibility-i.html]
[byjusexamprep.com/upsc-apply-online-i.html]
[byjusexamprep.com/upsc-exam-pattern-i.html]
[byjusexamprep.com/upsc-syllabus-i.html]
[byjusexamprep.com/upsc-prelims-syllabus-i.html]
[byjusexamprep.com/upsc-mains-syllabus-i.html]
[byjusexamprep.com/upsc-previous-year-question-papers-i.html]
[byjusexamprep.com/upsc-cut-off-i.html]
[byjusexamprep.com/upsc-preparation-strategy-i.html]
[byjusexamprep.com/upsc-books-i.html]
[byjusexamprep.com/csat-books-for-upsc-i.html]
[byjusexamprep.com/upsc-exam-analysis-i.html]
[byjusexamprep.com/upsc-answer-key-i.html]
[byjusexamprep.com/upsc-admit-card-i.html]
[byjusexamprep.com/upsc-results-i.html]
[byjusexamprep.com/current-affairs.html]
[byjusexamprep.com/ias-questions-i.html]
[byjusexamprep.com/all-articles-i.html]
[byjusexamprep.com/net-exams.html]
[byjusexamprep.com/net-exams/ugc-net-exam.html]
[byjusexamprep.com/net-exams/ugc-net-exam-analysis.html]
[byjusexamprep.com/net-exams/ugc-net-exam-syllabus.html]
[byjusexamprep.com/net-exams/ugc-net-exam-apply-online.html]
[byjusexamprep.com/net-exams/ugc-net-exam-eligibility-criteria.html]
[byjusexamprep.com/net-exams/ugc-net-exam-pattern.html]
[byjusexamprep.com/net-exams/ugc-net-exam-admit-card.html]
[byjusexamprep.com/net-exams/ugc-net-exam-cut-off.html]
[byjusexamprep.com/net-exams/ugc-net-exam-answer-key-pdf.html]
[byjusexamprep.com/net-exams/ugc-net-exam-question-papers.html]
[byjusexamprep.com/net-exams/ugc-net-exam-result.html]
[byjusexamprep.com/net-exams/ugc-net-exam-book.html]
[byjusexamprep.com/net-exams/gset-exam.html]
[byjusexamprep.com/net-exams/gset-exam-apply-online.html]
[byjusexamprep.com/net-exams/gset-exam-eligibility.html]
[byjusexamprep.com/net-exams/gset-exam-pattern.html]
[byjusexamprep.com/net-exams/gset-exam-admit-card.html]
[byjusexamprep.com/net-exams/gset-exam-syllabus.html]
[byjusexamprep.com/net-exams/gset-exam-cut-off.html]
[byjusexamprep.com/net-exams/gset-exam-question-paper.html]
[byjusexamprep.com/net-exams/gset-exam-books.html]
[byjusexamprep.com/net-exams/gset-exam-preparation-tips.html]
[byjusexamprep.com/net-exams/kset-exam.html]
[byjusexamprep.com/net-exams/kset-exam-admit-card.html]
[byjusexamprep.com/net-exams/kset-exam-preparation-tips.html]
[byjusexamprep.com/net-exams/kset-exam-question-papers.html]
[byjusexamprep.com/net-exams/kset-exam-books.html]
[byjusexamprep.com/net-exams/kset-exam-cut-off.html]
[byjusexamprep.com/net-exams/kset-exam-eligibility.html]
[byjusexamprep.com/net-exams/kset-exam-application-form.html]
[byjusexamprep.com/net-exams/kset-exam-pattern.html]
[byjusexamprep.com/net-exams/kset-exam-syllabus.html]
[byjusexamprep.com/net-exams/kset-exam-salary-job-profile.html]
[byjusexamprep.com/net-exams/tnset-exam.html]
[byjusexamprep.com/net-exams/tnset-exam-syllabus.html]
[byjusexamprep.com/net-exams/tnset-exam-pattern.html]
[byjusexamprep.com/net-exams/tnset-exam-admit-card.html]
[byjusexamprep.com/net-exams/tnset-exam-eligibility-criteria.html]
[byjusexamprep.com/net-exams/tnset-exam-question-papers.html]
[byjusexamprep.com/net-exams/tnset-exam-cut-off.html]
[byjusexamprep.com/csir-net-set-exams/csir-net-exam.html]
[byjusexamprep.com/csir-net-set-exams/csir-net-exam-analysis.html]
[byjusexamprep.com/csir-net-set-exams/csir-net-exam-result.html]
[byjusexamprep.com/csir-net-set-exams/csir-net-exam-cutoff.html]
[byjusexamprep.com/csir-net-set-exams/csir-net-exam-admit-card.html]
[byjusexamprep.com/csir-net-set-exams/csir-net-exam-question-papers.html]
[byjusexamprep.com/csir-net-set-exams/csir-net-exam-answer-key.html]
[byjusexamprep.com/csir-net-set-exams/csir-net-exam-eligibility-criteria.html]
[byjusexamprep.com/csir-net-set-exams/csir-net-exam-apply-online.html]
[byjusexamprep.com/csir-net-set-exams/csir-net-exam-job-profile.html]
[byjusexamprep.com/csir-net-set-exams/csir-net-exam-pattern.html]
[byjusexamprep.com/csir-net-set-exams/csir-net-exam-syllabus.html]
[byjusexamprep.com/csir-net-set-exams/csir-net-exam-books.html]
[byjusexamprep.com/csir-net-set-exams/csir-net-exam-preparation-tips.html]
[byjusexamprep.com/csir-net-set-exams/dbt-jrf-exam.html]
[byjusexamprep.com/csir-net-set-exams/dbt-jrf-exam-apply-online.html]
[byjusexamprep.com/csir-net-set-exams/dbt-jrf-exam-eligibility.html]
[byjusexamprep.com/csir-net-set-exams/dbt-jrf-exam-question-papers.html]
[byjusexamprep.com/csir-net-set-exams/dbt-jrf-exam-salary-job-profile.html]
[byjusexamprep.com/csir-net-set-exams/dbt-jrf-exam-syllabus.html]
[byjusexamprep.com/types-of-forest-in-india-i.html]
[byjusexamprep.com/types-of-forest-in-india-i_amp.html]
[byjusexamprep.com/android-app_/co.gradeup.android/https/grdp.co/pl9gwfep2.html]
